BOOM600: decoding pinned native quotes; no new acquisition
BOOM600/fit40: fixed paired boost fit FITTED; labels=1948
BOOM600/wf1/RAW_BOOST_REGION: n=146 PF=0.8494995099544295
BOOM600/wf1/HYBRID_BOOST_REGION: n=181 PF=0.6863256389406208
BOOM600/fit50: fixed paired boost fit FITTED; labels=2640
BOOM600/wf2/RAW_BOOST_REGION: n=95 PF=0.9962723198591917
BOOM600/wf2/HYBRID_BOOST_REGION: n=101 PF=1.5498619621271728
BOOM600/fit60: fixed paired boost fit FITTED; labels=3012
BOOM600/wf3/RAW_BOOST_REGION: n=102 PF=0.856102709136056
BOOM600/wf3/HYBRID_BOOST_REGION: n=112 PF=0.779886480086509
BOOM600/fit70: fixed paired boost fit FITTED; labels=3450
BOOM600/final_test/RAW_BOOST_REGION: n=332 PF=0.9809671335431768
BOOM600/final_test/HYBRID_BOOST_REGION: n=411 PF=0.999219673439571
BOOM600/later180/RAW_BOOST_REGION: n=1306 PF=0.800316764560006
BOOM600/later180/HYBRID_BOOST_REGION: n=1416 PF=0.8967266879180145
CRASH600: decoding pinned native quotes; no new acquisition
CRASH600/fit40: fixed paired boost fit FITTED; labels=1940
CRASH600/wf1/RAW_BOOST_REGION: n=208 PF=0.8663820556739409
CRASH600/wf1/HYBRID_BOOST_REGION: n=208 PF=0.5843228467115593
CRASH600/fit50: fixed paired boost fit FITTED; labels=2660
CRASH600/wf2/RAW_BOOST_REGION: n=83 PF=0.8470254464125551
CRASH600/wf2/HYBRID_BOOST_REGION: n=70 PF=0.9982945481540979
CRASH600/fit60: fixed paired boost fit FITTED; labels=3014
CRASH600/wf3/RAW_BOOST_REGION: n=116 PF=0.8013624545930224
CRASH600/wf3/HYBRID_BOOST_REGION: n=81 PF=0.5324891701580764
CRASH600/fit70: fixed paired boost fit FITTED; labels=3447
CRASH600/final_test/RAW_BOOST_REGION: n=295 PF=0.8068843926350068
CRASH600/final_test/HYBRID_BOOST_REGION: n=248 PF=0.6904197567829989
CRASH600/later180/RAW_BOOST_REGION: n=1106 PF=1.034560467505943
CRASH600/later180/HYBRID_BOOST_REGION: n=904 PF=0.9371540495678758
{"path": "docs/nonlinear_region_20261010/results.json", "sha256": "4664f8d2ad7282acf1336e449efa6376f467452d86df8a3b2e70a83ab04cf4d7"}
