BOOM600: 31190065 audited native observations loaded
BOOM600/CRT_RETEST/development: completed=1 PF=None
BOOM600/FIB_RETRACE/development: completed=7 PF=0.028134320863369956
BOOM600/TREND_RETEST/development: completed=33 PF=1.3424512127743264
BOOM600/CONTEXT_GEOMETRIC/development: completed=330 PF=0.8373722494544332
BOOM600/CRT_RETEST/wf1: completed=1 PF=None
BOOM600/FIB_RETRACE/wf1: completed=1 PF=0.0
BOOM600/TREND_RETEST/wf1: completed=4 PF=2.457480025807077
BOOM600/CONTEXT_GEOMETRIC/wf1: completed=54 PF=1.1198412912411222
BOOM600/CRT_RETEST/wf2: completed=0 PF=None
BOOM600/FIB_RETRACE/wf2: completed=0 PF=None
BOOM600/TREND_RETEST/wf2: completed=2 PF=27.1710011462453
BOOM600/CONTEXT_GEOMETRIC/wf2: completed=43 PF=1.3189243701679634
BOOM600/CRT_RETEST/wf3: completed=0 PF=None
BOOM600/FIB_RETRACE/wf3: completed=1 PF=0.0
BOOM600/TREND_RETEST/wf3: completed=5 PF=0.20448931319794095
BOOM600/CONTEXT_GEOMETRIC/wf3: completed=48 PF=0.479406084789861
BOOM600/CRT_RETEST/final_test: completed=1 PF=None
BOOM600/FIB_RETRACE/final_test: completed=2 PF=1.7738576199807357
BOOM600/TREND_RETEST/final_test: completed=17 PF=1.0501024124194336
BOOM600/CONTEXT_GEOMETRIC/final_test: completed=156 PF=0.7581268454770318
BOOM600/CRT_RETEST/later180: completed=6 PF=1.2023248984141555
BOOM600/FIB_RETRACE/later180: completed=18 PF=0.5569531883861861
BOOM600/TREND_RETEST/later180: completed=50 PF=0.8705639468691553
BOOM600/CONTEXT_GEOMETRIC/later180: completed=506 PF=0.8963172289591906
CRASH600: 31190065 audited native observations loaded
CRASH600/CRT_RETEST/development: completed=3 PF=0.5722257440107015
CRASH600/FIB_RETRACE/development: completed=11 PF=0.2049599348744852
CRASH600/TREND_RETEST/development: completed=53 PF=0.5347424409950918
CRASH600/CONTEXT_GEOMETRIC/development: completed=370 PF=0.6274700338373819
CRASH600/CRT_RETEST/wf1: completed=1 PF=0.0
CRASH600/FIB_RETRACE/wf1: completed=1 PF=0.0
CRASH600/TREND_RETEST/wf1: completed=7 PF=0.1357928169231375
CRASH600/CONTEXT_GEOMETRIC/wf1: completed=49 PF=0.8115530730305492
CRASH600/CRT_RETEST/wf2: completed=0 PF=None
CRASH600/FIB_RETRACE/wf2: completed=1 PF=None
CRASH600/TREND_RETEST/wf2: completed=2 PF=0.3609197280956659
CRASH600/CONTEXT_GEOMETRIC/wf2: completed=46 PF=0.31695075185110877
CRASH600/CRT_RETEST/wf3: completed=0 PF=None
CRASH600/FIB_RETRACE/wf3: completed=2 PF=0.0
CRASH600/TREND_RETEST/wf3: completed=6 PF=0.006474991467805255
CRASH600/CONTEXT_GEOMETRIC/wf3: completed=44 PF=0.7129195815117283
CRASH600/CRT_RETEST/final_test: completed=2 PF=None
CRASH600/FIB_RETRACE/final_test: completed=6 PF=1.0679589259048983
CRASH600/TREND_RETEST/final_test: completed=13 PF=2.6352577341674146
CRASH600/CONTEXT_GEOMETRIC/final_test: completed=161 PF=0.8682079734945709
CRASH600/CRT_RETEST/later180: completed=8 PF=0.8603327070752916
CRASH600/FIB_RETRACE/later180: completed=17 PF=0.4769891673092139
CRASH600/TREND_RETEST/later180: completed=60 PF=1.4771554293955471
CRASH600/CONTEXT_GEOMETRIC/later180: completed=587 PF=0.8439210943399451
{"path": "docs/zone_study_20261008/results.json", "sha256": "80d11be442287cd1491b9bc139bc002d3364ee29da55cbef6a02c9fc77fe824c"}
