........................................................................ [ 39%]
........................................................................ [ 79%]
...................................F.                                    [100%]
=================================== FAILURES ===================================
____ test_zero_trade_inference_stays_unknown_instead_of_creating_perfect_PF ____

monkeypatch = <_pytest.monkeypatch.MonkeyPatch object at 0x105644350>

    def test_zero_trade_inference_stays_unknown_instead_of_creating_perfect_PF(monkeypatch):
        monkeypatch.setattr(study, "BOOTSTRAP_REPEATS", 19)
        start = pd.Timestamp("2026-01-01T00:00Z")
        end = start + pd.Timedelta(days=10)
        ticks = pd.DataFrame({"quote": []}, index=pd.DatetimeIndex([], tz="UTC"))
        events, audit = replay_zones(ticks, [], ZoneReplayConfig(), start, end)
        ledger = zone_trades(events)
>       row = study.metric_row("BOOM600", "CRT_RETEST", "final_test", (start, end), ledger, ledger, audit, {})
              ^^^^^^^^^^^^^^^^^^^^^^^^^^^^^^^^^^^^^^^^^^^^^^^^^^^^^^^^^^^^^^^^^^^^^^^^^^^^^^^^^^^^^^^^^^^^^^^^

backend/tests/test_zone_study_runner.py:105: 
_ _ _ _ _ _ _ _ _ _ _ _ _ _ _ _ _ _ _ _ _ _ _ _ _ _ _ _ _ _ _ _ _ _ _ _ _ _ _ _ 
scripts/run_zone_study.py:259: in metric_row
    "weekly_inference": weekly_inference(ledger, baseline, start, end,
scripts/run_spike_timed_study.py:201: in weekly_inference
    mn, ms = daily(trades)
             ^^^^^^^^^^^^^
scripts/run_spike_timed_study.py:195: in daily
    frame = completed(frame)
            ^^^^^^^^^^^^^^^^
scripts/run_spike_timed_study.py:149: in completed
    return trades.loc[~trades.censored & np.isfinite(trades.net_R)].copy()
                                         ^^^^^^^^^^^^^^^^^^^^^^^^^
.venv/lib/python3.12/site-packages/pandas/core/generic.py:2048: in __array_ufunc__
    return arraylike.array_ufunc(self, ufunc, method, *inputs, **kwargs)
           ^^^^^^^^^^^^^^^^^^^^^^^^^^^^^^^^^^^^^^^^^^^^^^^^^^^^^^^^^^^^^
_ _ _ _ _ _ _ _ _ _ _ _ _ _ _ _ _ _ _ _ _ _ _ _ _ _ _ _ _ _ _ _ _ _ _ _ _ _ _ _ 

self = Series([], Name: net_R, dtype: object), ufunc = <ufunc 'isfinite'>
method = '__call__', inputs = (array([], dtype=object),), kwargs = {}

    def array_ufunc(self, ufunc: np.ufunc, method: str, *inputs: Any, **kwargs: Any):
        """
        Compatibility with numpy ufuncs.
    
        See also
        --------
        numpy.org/doc/stable/reference/arrays.classes.html#numpy.class.__array_ufunc__
        """
        from pandas.core.frame import (
            DataFrame,
            Series,
        )
        from pandas.core.generic import NDFrame
        from pandas.core.internals import BlockManager
    
        cls = type(self)
    
        kwargs = _standardize_out_kwarg(**kwargs)
    
        # for binary ops, use our custom dunder methods
        result = maybe_dispatch_ufunc_to_dunder_op(self, ufunc, method, *inputs, **kwargs)
        if result is not NotImplemented:
            return result
    
        # Determine if we should defer.
        no_defer = (
            np.ndarray.__array_ufunc__,
            cls.__array_ufunc__,
        )
    
        for item in inputs:
            higher_priority = (
                hasattr(item, "__array_priority__")
                and item.__array_priority__ > self.__array_priority__
            )
            has_array_ufunc = (
                hasattr(item, "__array_ufunc__")
                and type(item).__array_ufunc__ not in no_defer
                and not isinstance(item, self._HANDLED_TYPES)
            )
            if higher_priority or has_array_ufunc:
                return NotImplemented
    
        # align all the inputs.
        types = tuple(type(x) for x in inputs)
        alignable = [
            x for x, t in zip(inputs, types, strict=True) if issubclass(t, NDFrame)
        ]
    
        if len(alignable) > 1:
            # This triggers alignment.
            # At the moment, there aren't any ufuncs with more than two inputs
            # so this ends up just being x1.index | x2.index, but we write
            # it to handle *args.
            set_types = set(types)
            if len(set_types) > 1 and {DataFrame, Series}.issubset(set_types):
                # We currently don't handle ufunc(DataFrame, Series)
                # well. Previously this raised an internal ValueError. We might
                # support it someday, so raise a NotImplementedError.
                raise NotImplementedError(
                    f"Cannot apply ufunc {ufunc} to mixed DataFrame and Series inputs."
                )
            axes = self.axes
            for obj in alignable[1:]:
                # this relies on the fact that we aren't handling mixed
                # series / frame ufuncs.
                for i, (ax1, ax2) in enumerate(zip(axes, obj.axes, strict=True)):
                    axes[i] = ax1.union(ax2)
    
            reconstruct_axes = dict(zip(self._AXIS_ORDERS, axes, strict=True))
            inputs = tuple(
                x.reindex(**reconstruct_axes) if issubclass(t, NDFrame) else x
                for x, t in zip(inputs, types, strict=True)
            )
        else:
            reconstruct_axes = dict(zip(self._AXIS_ORDERS, self.axes, strict=True))
    
        if self.ndim == 1:
            names = {x.name for x in inputs if hasattr(x, "name")}
            name = names.pop() if len(names) == 1 else None
            reconstruct_kwargs = {"name": name}
        else:
            reconstruct_kwargs = {}
    
        def reconstruct(result):
            if ufunc.nout > 1:
                # np.modf, np.frexp, np.divmod
                return tuple(_reconstruct(x) for x in result)
    
            return _reconstruct(result)
    
        def _reconstruct(result):
            if lib.is_scalar(result):
                return result
    
            if result.ndim != self.ndim:
                if method == "outer":
                    raise NotImplementedError
                return result
            if isinstance(result, BlockManager):
                # we went through BlockManager.apply e.g. np.sqrt
                result = self._constructor_from_mgr(result, axes=result.axes)
            else:
                # we converted an array, lost our axes
                result = self._constructor(
                    result, **reconstruct_axes, **reconstruct_kwargs, copy=False
                )
            # TODO: When we support multiple values in __finalize__, this
            # should pass alignable to `__finalize__` instead of self.
            # Then `np.add(a, b)` would consider attrs from both a and b
            # when a and b are NDFrames.
            if len(alignable) == 1:
                result = result.__finalize__(self)
            return result
    
        if "out" in kwargs:
            # e.g. test_multiindex_get_loc
            result = dispatch_ufunc_with_out(self, ufunc, method, *inputs, **kwargs)
            return reconstruct(result)
    
        if method == "reduce":
            # e.g. test.series.test_ufunc.test_reduce
            result = dispatch_reduction_ufunc(self, ufunc, method, *inputs, **kwargs)
            if result is not NotImplemented:
                return result
    
        # We still get here with kwargs `axis` for e.g. np.maximum.accumulate
        #  and `dtype` and `keepdims` for np.ptp
    
        if self.ndim > 1 and (len(inputs) > 1 or ufunc.nout > 1):
            # Just give up on preserving types in the complex case.
            # In theory we could preserve them for them.
            # * nout>1 is doable if BlockManager.apply took nout and
            #   returned a Tuple[BlockManager].
            # * len(inputs) > 1 is doable when we know that we have
            #   aligned blocks / dtypes.
    
            # e.g. my_ufunc, modf, logaddexp, heaviside, subtract, add
            inputs = tuple(np.asarray(x) for x in inputs)
            # Note: we can't use default_array_ufunc here bc reindexing means
            #  that `self` may not be among `inputs`
            result = getattr(ufunc, method)(*inputs, **kwargs)
        elif self.ndim == 1:
            # ufunc(series, ...)
            inputs = tuple(extract_array(x, extract_numpy=True) for x in inputs)
>           result = getattr(ufunc, method)(*inputs, **kwargs)
                     ^^^^^^^^^^^^^^^^^^^^^^^^^^^^^^^^^^^^^^^^^
E           TypeError: ufunc 'isfinite' not supported for the input types, and the inputs could not be safely coerced to any supported types according to the casting rule ''safe''

.venv/lib/python3.12/site-packages/pandas/core/arraylike.py:402: TypeError
=========================== short test summary info ============================
FAILED backend/tests/test_zone_study_runner.py::test_zero_trade_inference_stays_unknown_instead_of_creating_perfect_PF
1 failed, 180 passed in 9.33s
